Drill report for MiniPC.kicad_pcb
Created on 2026-05-29T00:19:03

Copper Layer Stackup:
    =============================================================
    L1 :  F.Cu                      front
    L2 :  In1.Cu                    in1
    L3 :  In2.Cu                    in2
    L4 :  B.Cu                      back


Drill file 'MiniPC-PTH-drl.gbr' contains
    plated through holes:
    =============================================================
    T1  0.700mm  0.0276"  (6 holes))
    T2  0.800mm  0.0315"  (39 holes))
    T3  1.000mm  0.0394"  (42 holes))
    T4  1.020mm  0.0402"  (9 holes))
    T5  1.100mm  0.0433"  (53 holes))
    T6  1.200mm  0.0472"  (4 holes))
    T7  1.300mm  0.0512"  (22 holes))
    T8  1.500mm  0.0591"  (24 holes))

    Total plated holes count 199


Drill file 'MiniPC-NPTH-drl.gbr' contains
    unplated through holes:
    =============================================================
    T1  2.000mm  0.0787"  (4 holes))
    T2  2.200mm  0.0866"  (4 holes))
    T3  2.500mm  0.0984"  (4 holes))
    T4  2.700mm  0.1063"  (4 holes))
    T5  4.000mm  0.1575"  (12 holes))

    Total unplated holes count 28
